https://selfservice.console.aliyun.com/ticket/scene/ecs/%E4%BA%91%E6%9C%8D%E5%8A%A1%E5%99%A8%20ECS/detail?categoryId=518

[root@iZ28ozgp4lfZ tmp]# fdisk -l

Disk /dev/hda: 21.4 GB, 21474836480 bytes
224 heads, 56 sectors/track, 3343 cylinders
Units = cylinders of 12544 * 512 = 6422528 bytes

   Device Boot      Start         End      Blocks   Id  System
/dev/hda1   *           1        3343    20963801   83  Linux
Partition 1 does not end on cylinder boundary.

Disk /dev/xvdb: 107.3 GB, 107374182400 bytes
224 heads, 56 sectors/track, 16718 cylinders
Units = cylinders of 12544 * 512 = 6422528 bytes

Disk /dev/xvdb doesn't contain a valid partition table



[root@iZ28ozgp4lfZ tmp]# fdisk /dev/xvdb
Device contains neither a valid DOS partition table, nor Sun, SGI or OSF disklabel
Building a new DOS disklabel. Changes will remain in memory only,
until you decide to write them. After that, of course, the previous
content won't be recoverable.


The number of cylinders for this disk is set to 16718.
There is nothing wrong with that, but this is larger than 1024,
and could in certain setups cause problems with:
1) software that runs at boot time (e.g., old versions of LILO)
2) booting and partitioning software from other OSs
   (e.g., DOS FDISK, OS/2 FDISK)
Warning: invalid flag 0x0000 of partition table 4 will be corrected by w(rite)

Command (m for help): n
Command action
   e   extended
   p   primary partition (1-4)
p
Partition number (1-4): 1
First cylinder (1-16718, default 1):
Using default value 1
Last cylinder or +size or +sizeM or +sizeK (1-16718, default 16718):
Using default value 16718

Command (m for help): w
The partition table has been altered!

Calling ioctl() to re-read partition table.
Syncing disks.


挂载不上时，格式化硬盘
[root@iZ28ozgp4lfZ /]# mkfs.ext3 /dev/xvdb
mke2fs 1.39 (29-May-2006)
Filesystem label=
OS type: Linux
Block size=4096 (log=2)
Fragment size=4096 (log=2)
13107200 inodes, 26214400 blocks
1310720 blocks (5.00%) reserved for the super user
First data block=0
Maximum filesystem blocks=4294967296
800 block groups
32768 blocks per group, 32768 fragments per group
16384 inodes per group
Superblock backups stored on blocks:
	32768, 98304, 163840, 229376, 294912, 819200, 884736, 1605632, 2654208,
	4096000, 7962624, 11239424, 20480000, 23887872

Writing inode tables: done
Creating journal (32768 blocks): done
Writing superblocks and filesystem accounting information:
done

This filesystem will be automatically checked every 28 mounts or
180 days, whichever comes first.  Use tune2fs -c or -i to override.



[root@iZ28ozgp4lfZ /]# mkfs.ext3 /dev/xvdb1
mke2fs 1.39 (29-May-2006)
Filesystem label=
OS type: Linux
Block size=4096 (log=2)
Fragment size=4096 (log=2)
13107200 inodes, 26213817 blocks
1310690 blocks (5.00%) reserved for the super user
First data block=0
Maximum filesystem blocks=4294967296
800 block groups
32768 blocks per group, 32768 fragments per group
16384 inodes per group
Superblock backups stored on blocks:
	32768, 98304, 163840, 229376, 294912, 819200, 884736, 1605632, 2654208,
	4096000, 7962624, 11239424, 20480000, 23887872

Writing inode tables: done
Creating journal (32768 blocks): done
Writing superblocks and filesystem accounting information: done

This filesystem will be automatically checked every 37 mounts or
180 days, whichever comes first.  Use tune2fs -c or -i to override.
[root@iZ28ozgp4lfZ /]# mount /dev/xvdb /data1





mount /dev/xvdb /data1/








